******************************************************************************
                  MSP430 Linker PC v15.12.3                    
******************************************************************************
>> Linked Thu Aug 03 12:50:58 2017

OUTPUT FILE NAME:   <LoKA_Prueba1.out>
ENTRY POINT SYMBOL: "_c_int00_noargs"  address: 000044fe


MEMORY CONFIGURATION

         name            origin    length      used     unused   attr    fill
----------------------  --------  ---------  --------  --------  ----  --------
  SFR                   00000000   00000010  00000000  00000010  RWIX
  PERIPHERALS_8BIT      00000010   000000f0  00000000  000000f0  RWIX
  PERIPHERALS_16BIT     00000100   00000100  00000000  00000100  RWIX
  CONFIG                00001800   00000200  000001e0  00000020  RWIX
  RAM                   00002400   00002000  00001649  000009b7  RWIX
  FLASH                 00004400   00009380  00000a9c  000088e4  RWIX
  INT00                 0000d780   00000002  00000000  00000002  RWIX
  INT01                 0000d782   00000002  00000000  00000002  RWIX
  INT02                 0000d784   00000002  00000000  00000002  RWIX
  INT03                 0000d786   00000002  00000000  00000002  RWIX
  INT04                 0000d788   00000002  00000000  00000002  RWIX
  INT05                 0000d78a   00000002  00000000  00000002  RWIX
  INT06                 0000d78c   00000002  00000000  00000002  RWIX
  INT07                 0000d78e   00000002  00000000  00000002  RWIX
  INT08                 0000d790   00000002  00000000  00000002  RWIX
  INT09                 0000d792   00000002  00000000  00000002  RWIX
  INT10                 0000d794   00000002  00000000  00000002  RWIX
  INT11                 0000d796   00000002  00000000  00000002  RWIX
  INT12                 0000d798   00000002  00000000  00000002  RWIX
  INT13                 0000d79a   00000002  00000000  00000002  RWIX
  INT14                 0000d79c   00000002  00000000  00000002  RWIX
  INT15                 0000d79e   00000002  00000000  00000002  RWIX
  INT16                 0000d7a0   00000002  00000000  00000002  RWIX
  INT17                 0000d7a2   00000002  00000000  00000002  RWIX
  INT18                 0000d7a4   00000002  00000000  00000002  RWIX
  INT19                 0000d7a6   00000002  00000000  00000002  RWIX
  INT20                 0000d7a8   00000002  00000000  00000002  RWIX
  INT21                 0000d7aa   00000002  00000000  00000002  RWIX
  INT22                 0000d7ac   00000002  00000000  00000002  RWIX
  INT23                 0000d7ae   00000002  00000000  00000002  RWIX
  INT24                 0000d7b0   00000002  00000000  00000002  RWIX
  INT25                 0000d7b2   00000002  00000000  00000002  RWIX
  INT26                 0000d7b4   00000002  00000000  00000002  RWIX
  INT27                 0000d7b6   00000002  00000000  00000002  RWIX
  INT28                 0000d7b8   00000002  00000000  00000002  RWIX
  INT29                 0000d7ba   00000002  00000000  00000002  RWIX
  INT30                 0000d7bc   00000002  00000000  00000002  RWIX
  INT31                 0000d7be   00000002  00000000  00000002  RWIX
  INT32                 0000d7c0   00000002  00000000  00000002  RWIX
  INT33                 0000d7c2   00000002  00000000  00000002  RWIX
  INT34                 0000d7c4   00000002  00000000  00000002  RWIX
  INT35                 0000d7c6   00000002  00000000  00000002  RWIX
  INT36                 0000d7c8   00000002  00000000  00000002  RWIX
  INT37                 0000d7ca   00000002  00000000  00000002  RWIX
  INT38                 0000d7cc   00000002  00000000  00000002  RWIX
  INT39                 0000d7ce   00000002  00000000  00000002  RWIX
  INT40                 0000d7d0   00000002  00000000  00000002  RWIX
  INT41                 0000d7d2   00000002  00000002  00000000  RWIX
  INT42                 0000d7d4   00000002  00000002  00000000  RWIX
  INT43                 0000d7d6   00000002  00000002  00000000  RWIX
  INT44                 0000d7d8   00000002  00000002  00000000  RWIX
  INT45                 0000d7da   00000002  00000002  00000000  RWIX
  INT46                 0000d7dc   00000002  00000002  00000000  RWIX
  INT47                 0000d7de   00000002  00000002  00000000  RWIX
  INT48                 0000d7e0   00000002  00000002  00000000  RWIX
  INT49                 0000d7e2   00000002  00000002  00000000  RWIX
  INT50                 0000d7e4   00000002  00000002  00000000  RWIX
  INT51                 0000d7e6   00000002  00000000  00000002  RWIX
  INT52                 0000d7e8   00000002  00000002  00000000  RWIX
  INT53                 0000d7ea   00000002  00000002  00000000  RWIX
  INT54                 0000d7ec   00000002  00000002  00000000  RWIX
  INT55                 0000d7ee   00000002  00000002  00000000  RWIX
  INT56                 0000d7f0   00000002  00000002  00000000  RWIX
  INT57                 0000d7f2   00000002  00000002  00000000  RWIX
  INT58                 0000d7f4   00000002  00000002  00000000  RWIX
  INT59                 0000d7f6   00000002  00000002  00000000  RWIX
  INT60                 0000d7f8   00000002  00000002  00000000  RWIX
  INT61                 0000d7fa   00000002  00000002  00000000  RWIX
  INT62                 0000d7fc   00000002  00000002  00000000  RWIX
  RESET                 0000d7fe   00000002  00000002  00000000  RWIX
  FLASH2                00010000   00012200  0000751c  0000ace4  RWIX
  SFX_ID                00022200   00000200  00000014  000001ec  RWIX
  CONFIG_SFX            00022400   00002000  00000800  00001800  RWIX


SECTION ALLOCATION MAP

 output                                  attributes/
section   page    origin      length       input sections
--------  ----  ----------  ----------   ----------------
.config    0    00001800    000001e0     UNINITIALIZED
                  00001800    000001e0     loka-lib-rc.lib : parameters.obj (.config)

.sysmem    0    00002400    00000c00     UNINITIALIZED
                  00002400    00000006     rts430x_lc_rd_eabi.lib : memory.obj (.sysmem)
                  00002406    00000bfa     --HOLE--

.bss       0    00003000    00000137     UNINITIALIZED
                  00003000    00000096     (.common:DynamicMemoryTable)
                  00003096    00000020     (.common:in)
                  000030b6    0000001e     (.common:buffer)
                  000030d4    00000010     (.common:key)
                  000030e4    0000000a     rts430x_lc_rd_eabi.lib : memory.obj (.bss)
                  000030ee    00000008     (.common:_ZN14SigfoxProtocol15receivedMessageE)
                  000030f6    00000007     loka-lib-rc.lib : transmission.obj (.bss)
                  000030fd    00000001                     : radio.obj (.bss)
                  000030fe    00000006                     : Console.obj (.bss:_ZN7Console10serialPortE)
                  00003104    00000006     (.common:Table_150bytes)
                  0000310a    00000004     main.obj (.bss:serial)
                  0000310e    00000004     (.common:_ZN14SigfoxProtocol11lastMessageE)
                  00003112    00000004     (.common:_ZN4Loka16currentFrequencyE)
                  00003116    00000004     (.common:_ZN4Loka16ui32BspMclkSpeedE)
                  0000311a    00000004     (.common:__dso_handle)
                  0000311e    00000004     (.common:id)
                  00003122    00000004     (.common:p)
                  00003126    00000004     (.common:rs)
                  0000312a    00000002     (.common:SysState)
                  0000312c    00000002     (.common:_ZN6CC112511currentZoneE)
                  0000312e    00000002     (.common:_ZN6CC112516changedFrequencyE)
                  00003130    00000002     (.common:_ZN6CC11255powerE)
                  00003132    00000002     (.common:offset_value)
                  00003134    00000002     (.common:standard)
                  00003136    00000001     (.common:packetSemaphore)

.data      0    00003138    00000112     UNINITIALIZED
                  00003138    00000030     loka-lib-rc.lib : manufacturer_api.obj (.data:SFX_CONFIG_WORDS)
                  00003168    00000020                     : manufacturer_api.obj (.data:SFX_FREQUENCIES)
                  00003188    00000020                     : interruptions.obj (.data:port1_isr_tbl)
                  000031a8    00000020                     : interruptions.obj (.data:port2_isr_tbl)
                  000031c8    00000014                     : rtc.obj (.data)
                  000031dc    00000010                     : uart.obj (.data:rx_buffer)
                  000031ec    00000010                     : uart.obj (.data:tx_buffer)
                  000031fc    00000008                     : manufacturer_api.obj (.data:SFX_CONFIG_MODES)
                  00003204    00000008                     : manufacturer_api.obj (.data:SFX_DEFAULT_CHANNEL_TABLE)
                  0000320c    00000008                     : manufacturer_api.obj (.data)
                  00003214    00000006                     : SigfoxProtocol.obj (.data:_ZN14SigfoxProtocol8commandsE)
                  0000321a    00000006     main.obj (.data)
                  00003220    00000006     loka-lib-rc.lib : manufacturer_api.obj (.data:nv_mem)
                  00003226    00000004     rts430x_lc_rd_eabi.lib : exit_gvars.obj (.data:__TI_cleanup_ptr)
                  0000322a    00000004                            : exit_gvars.obj (.data:__TI_dtors_ptr)
                  0000322e    00000004                            : _lock.obj (.data:_lock)
                  00003232    00000004                            : _lock.obj (.data:_unlock)
                  00003236    00000004     loka-lib-rc.lib : sigfox_internal.obj (.data)
                  0000323a    00000004     rts430x_lc_rd_eabi.lib : dtor_list.obj (.data)
                  0000323e    00000002     main.obj (.data:LED)
                  00003240    00000002     loka-lib-rc.lib : Console.obj (.data)
                  00003242    00000002                     : sigfox_api.obj (.data)
                  00003244    00000002     rts430x_lc_rd_eabi.lib : errno.obj (.data)
                  00003246    00000002                            : exit.obj (.data)
                  00003248    00000002                            : memory.obj (.data)

.stack     0    00003c00    00000800     UNINITIALIZED
                  00003c00    00000004     rts430x_lc_rd_eabi.lib : boot.obj (.stack)
                  00003c04    000007fc     --HOLE--

.text:_isr 
*          0    00004400    0000014c     
                  00004400    0000004e     loka-lib-rc.lib : interruptions.obj (.text:_isr:port1_ISR)
                  0000444e    0000004e                     : interruptions.obj (.text:_isr:port2_ISR)
                  0000449c    00000042                     : rtc.obj (.text:_isr:RTC_ISR)
                  000044de    00000020                     : uart.obj (.text:_isr:USCI_A0_ISR)
                  000044fe    0000001c     rts430x_lc_rd_eabi.lib : boot_special.obj (.text:_isr:_c_int00_noargs)
                  0000451a    00000018     loka-lib-rc.lib : timer.obj (.text:_isr:TIMER1_ISR)
                  00004532    00000012                     : rtc.obj (.text:_isr:TIMERA0_ISR)
                  00004544    00000008     rts430x_lc_rd_eabi.lib : isr_trap.obj (.text:_isr:__TI_ISR_TRAP)

.init_array 
*          0    0000454c    00000008     
                  0000454c    00000004     loka-lib-rc.lib : Console.obj (.init_array)
                  00004550    00000004     main.obj (.init_array)

.const     0    00004554    00000894     
                  00004554    00000200     loka-lib-rc.lib : radio.obj (.const:Table_Pa_600bps)
                  00004754    00000101     rts430x_lc_rd_eabi.lib : ctype.obj (.const:.string:_ctypes_)
                  00004855    00000001     --HOLE-- [fill = 0]
                  00004856    00000100     loka-lib-rc.lib : ti_aes_128.obj (.const:.string:rsbox)
                  00004956    00000100                     : ti_aes_128.obj (.const:.string:sbox)
                  00004a56    000000a8                     : radio.obj (.const:HighPerfModeRx)
                  00004afe    00000084                     : SigfoxProtocol.obj (.const:.string)
                  00004b82    0000006c                     : radio.obj (.const:HighPerfModeTx)
                  00004bee    00000054                     : sigfox_internal.obj (.const:fsync_lut_tx)
                  00004c42    0000003e                     : main.obj (.const:.string)
                  00004c80    00000026     rts430x_lc_rd_eabi.lib : _printfi.obj (.const:.string)
                  00004ca6    00000025                            : typeinfo_.obj (.const:.typeinfo:_ZTSN10__cxxabiv120__si_class_type_infoE)
                  00004ccb    00000001     --HOLE-- [fill = 0]
                  00004ccc    00000022                            : typeinfo_.obj (.const:.typeinfo:_ZTSN10__cxxabiv117__class_type_infoE)
                  00004cee    0000001e     loka-lib-rc.lib : CC1125.obj (.const:.string)
                  00004d0c    00000010                     : sigfox_decode.obj (.const:.string:log_alpha)
                  00004d1c    00000010                     : sigfox_decode.obj (.const:.string:pow_alpha)
                  00004d2c    00000010                     : SerialPort.obj (.const:_ZTV10SerialPort)
                  00004d3c    00000010     rts430x_lc_rd_eabi.lib : typeinfo_.obj (.const:_ZTVN10__cxxabiv117__class_type_infoE)
                  00004d4c    00000010                            : typeinfo_.obj (.const:_ZTVN10__cxxabiv120__si_class_type_infoE)
                  00004d5c    0000000f     loka-lib-rc.lib : sigfox_internal.obj (.const:.string:length_lut)
                  00004d6b    00000001     --HOLE-- [fill = 0]
                  00004d6c    0000000d                     : SerialPort.obj (.const:.typeinfo:_ZTS10SerialPort)
                  00004d79    00000001     --HOLE-- [fill = 0]
                  00004d7a    0000000d     rts430x_lc_rd_eabi.lib : typeinfo_.obj (.const:.typeinfo:_ZTSSt9type_info)
                  00004d87    00000001     --HOLE-- [fill = 0]
                  00004d88    0000000c     loka-lib-rc.lib : Console.obj (.const:.string)
                  00004d94    0000000c                     : ConsoleInterface.obj (.const:.string)
                  00004da0    0000000c     rts430x_lc_rd_eabi.lib : typeinfo_.obj (.const:.typeinfo:_ZTIN10__cxxabiv117__class_type_infoE)
                  00004dac    0000000c                            : typeinfo_.obj (.const:.typeinfo:_ZTIN10__cxxabiv120__si_class_type_infoE)
                  00004db8    0000000c     loka-lib-rc.lib : sigfox_scramb.obj (.const:lut_in_out)
                  00004dc4    0000000a                     : ti_aes_128.obj (.const:.string:Rcon)
                  00004dce    00000008                     : SerialPort.obj (.const:.typeinfo:_ZTI10SerialPort)
                  00004dd6    00000008     rts430x_lc_rd_eabi.lib : typeinfo_.obj (.const:.typeinfo:_ZTISt9type_info)
                  00004dde    00000006     main.obj (.const:.string)
                  00004de4    00000004     loka-lib-rc.lib : sigfox_scramb.obj (.const:.string:lut_in)

.cinit     0    00004de8    000000b4     
                  00004de8    00000055     (.cinit..data.load) [load image, compression = rle]
                  00004e3d    00000001     --HOLE-- [fill = 0]
                  00004e3e    0000000b     (.cinit..TI.bound:flash_array.load) [load image, compression = rle]
                  00004e49    00000001     --HOLE-- [fill = 0]
                  00004e4a    0000000b     (.cinit..bss.load) [load image, compression = rle]
                  00004e55    00000001     --HOLE-- [fill = 0]
                  00004e56    0000000b     (.cinit..config.load) [load image, compression = rle]
                  00004e61    00000001     --HOLE-- [fill = 0]
                  00004e62    00000009     (.cinit..sfx_id.load) [load image, compression = rle]
                  00004e6b    00000001     --HOLE-- [fill = 0]
                  00004e6c    00000008     (__TI_handler_table)
                  00004e74    00000028     (__TI_cinit_table)

.sfx_id    0    00022200    00000014     UNINITIALIZED
                  00022200    00000014     loka-lib-rc.lib : CC1125.obj (.sfx_id)

RTC        0    0000d7d2    00000002     
                  0000d7d2    00000002     loka-lib-rc.lib : rtc.obj (.int41)

PORT2      0    0000d7d4    00000002     
                  0000d7d4    00000002     loka-lib-rc.lib : interruptions.obj (.int42)

TIMER2_A1 
*          0    0000d7d6    00000002     
                  0000d7d6    00000002     rts430x_lc_rd_eabi.lib : int43.obj (.int43)

TIMER2_A0 
*          0    0000d7d8    00000002     
                  0000d7d8    00000002     rts430x_lc_rd_eabi.lib : int44.obj (.int44)

USCI_B1    0    0000d7da    00000002     
                  0000d7da    00000002     rts430x_lc_rd_eabi.lib : int45.obj (.int45)

USCI_A1    0    0000d7dc    00000002     
                  0000d7dc    00000002     rts430x_lc_rd_eabi.lib : int46.obj (.int46)

PORT1      0    0000d7de    00000002     
                  0000d7de    00000002     loka-lib-rc.lib : interruptions.obj (.int47)

TIMER1_A1 
*          0    0000d7e0    00000002     
                  0000d7e0    00000002     rts430x_lc_rd_eabi.lib : int48.obj (.int48)

TIMER1_A0 
*          0    0000d7e2    00000002     
                  0000d7e2    00000002     loka-lib-rc.lib : timer.obj (.int49)

DMA        0    0000d7e4    00000002     
                  0000d7e4    00000002     rts430x_lc_rd_eabi.lib : int50.obj (.int50)

TIMER0_A1 
*          0    0000d7e8    00000002     
                  0000d7e8    00000002     rts430x_lc_rd_eabi.lib : int52.obj (.int52)

TIMER0_A0 
*          0    0000d7ea    00000002     
                  0000d7ea    00000002     loka-lib-rc.lib : rtc.obj (.int53)

ADC10      0    0000d7ec    00000002     
                  0000d7ec    00000002     rts430x_lc_rd_eabi.lib : int54.obj (.int54)

USCI_B0    0    0000d7ee    00000002     
                  0000d7ee    00000002     rts430x_lc_rd_eabi.lib : int55.obj (.int55)

USCI_A0    0    0000d7f0    00000002     
                  0000d7f0    00000002     loka-lib-rc.lib : uart.obj (.int56)

WDT        0    0000d7f2    00000002     
                  0000d7f2    00000002     rts430x_lc_rd_eabi.lib : int57.obj (.int57)

TIMER0_B1 
*          0    0000d7f4    00000002     
                  0000d7f4    00000002     rts430x_lc_rd_eabi.lib : int58.obj (.int58)

TIMER0_B0 
*          0    0000d7f6    00000002     
                  0000d7f6    00000002     rts430x_lc_rd_eabi.lib : int59.obj (.int59)

COMP_B     0    0000d7f8    00000002     
                  0000d7f8    00000002     rts430x_lc_rd_eabi.lib : int60.obj (.int60)

UNMI       0    0000d7fa    00000002     
                  0000d7fa    00000002     rts430x_lc_rd_eabi.lib : int61.obj (.int61)

SYSNMI     0    0000d7fc    00000002     
                  0000d7fc    00000002     rts430x_lc_rd_eabi.lib : int62.obj (.int62)

.reset     0    0000d7fe    00000002     
                  0000d7fe    00000002     rts430x_lc_rd_eabi.lib : boot.obj (.reset)

.TI.bound:flash_array 
*          0    00022400    00000800     UNINITIALIZED
                  00022400    00000800     loka-lib-rc.lib : flash_drv.obj (.TI.bound:flash_array)

.text      0    00010000    0000751c     
                  00010000    00000486     rts430x_lc_rd_eabi.lib : frcdivd.obj (.text:__TI_frcdivd)
                  00010486    000003cc     loka-lib-rc.lib : ti_aes_128.obj (.text:aes_enc_dec)
                  00010852    0000037e                     : sigfox_internal.obj (.text:SIGFOX_INT_compute_channels)
                  00010bd0    00000372     rts430x_lc_rd_eabi.lib : div64u.obj (.text:__mspabi_divull)
                  00010f42    000002e4                            : frcmpyd.obj (.text:__TI_frcmpyd)
                  00011226    000002d8                            : addd.obj (.text:__mspabi_addd)
                  000114fe    00000282                            : mpyd.obj (.text:__mspabi_mpyd)
                  00011780    00000262                            : _printfi.obj (.text:_setfield)
                  000119e2    0000025e     loka-lib-rc.lib : sigfox_internal.obj (.text:SIGFOX_INT_send_frame)
                  00011c40    00000252     rts430x_lc_rd_eabi.lib : frcaddd.obj (.text:__TI_frcaddd)
                  00011e92    00000248                            : _printfi.obj (.text:_pproc_fgea)
                  000120da    0000023c                            : _printfi.obj (.text:__TI_printfi)
                  00012316    0000023c                            : strtol.obj (.text:strtol)
                  00012552    00000224                            : _printfi.obj (.text:acvt)
                  00012776    00000222                            : divd.obj (.text:__mspabi_divd)
                  00012998    00000218                            : _printfi.obj (.text:ecvt)
                  00012bb0    0000020e     loka-lib-rc.lib : sigfox_api.obj (.text:SIGFOX_API_send_frame)
                  00012dbe    00000202     rts430x_lc_rd_eabi.lib : _printfi.obj (.text:fcvt)
                  00012fc0    000001ca     loka-lib-rc.lib : sigfox_api.obj (.text:SIGFOX_API_open)
                  0001318a    000001a4     rts430x_lc_rd_eabi.lib : _printfi.obj (.text:_pconv_e)
                  0001332e    000001a0                            : s_scalbn.obj (.text:scalbn)
                  000134ce    0000019a     loka-lib-rc.lib : sigfox_internal.obj (.text:SIGFOX_INT_build_frame)
                  00013668    00000188     rts430x_lc_rd_eabi.lib : _printfi.obj (.text:_getarg_diouxp)
                  000137f0    0000016e                            : _printfi.obj (.text:_pconv_a)
                  0001395e    00000148                            : _printfi.obj (.text:_pproc_diouxp)
                  00013aa6    00000138     loka-lib-rc.lib : radio.obj (.text:RADIO_modulate)
                  00013bde    00000128     rts430x_lc_rd_eabi.lib : _printfi.obj (.text:_ltostr)
                  00013d06    0000011e     loka-lib-rc.lib : Loka.obj (.text:_ZN4Loka9setConfigEPKcS1_)
                  00013e24    0000010e                     : sigfox_decode.obj (.text:SIGFOX_DECODE_decode_frame)
                  00013f32    0000010e                     : Loka.obj (.text:_ZN4Loka28bspMcuGetSystemClockSettingsEmPhS0_Pm)
                  00014040    00000100                     : Loka.obj (.text:_ZN4Loka19bspSysClockSpeedSetEm)
                  00014140    000000fe                     : radio.obj (.text:RADIO_change_frequency)
                  0001423e    000000fc     rts430x_lc_rd_eabi.lib : _printfi.obj (.text:_pconv_g)
                  0001433a    000000fa                            : _printfi.obj (.text:_pproc_fwp)
                  00014434    000000e4     loka-lib-rc.lib : CC1125.obj (.text:_ZN6CC11256turnOnEv)
                  00014518    000000d8     rts430x_lc_rd_eabi.lib : cmpd.obj (.text:__mspabi_cmpd)
                  000145f0    000000d6     loka-lib-rc.lib : manufacturer_api.obj (.text:MANUF_API_wait_frame)
                  000146c6    000000d4                     : sigfox_internal.obj (.text:SIGFOX_INT_change_frequency)
                  0001479a    000000d4                     : uart.obj (.text:configure_uart)
                  0001486e    000000c6                     : sigfox_decode.obj (.text:SIGFOX_DECODE_dewhitening)
                  00014934    000000bc                     : SerialPort.obj (.text:_ZN10SerialPort4initEilmm)
                  000149f0    000000bc                     : parameters.obj (.text:write_parameter)
                  00014aac    000000ba                     : sigfox_internal.obj (.text:SIGFOX_INT_receive_frame)
                  00014b66    000000ba                     : Loka.obj (.text:_ZN4Loka4initEv)
                  00014c20    000000ba     rts430x_lc_rd_eabi.lib : memory.obj (.text:malloc)
                  00014cda    000000b8     loka-lib-rc.lib : flash_drv.obj (.text:flash_write_wear_level)
                  00014d92    000000b2                     : Loka.obj (.text:_ZN4Loka12digitalWriteE5digioh)
                  00014e44    000000b2     rts430x_lc_rd_eabi.lib : renormd.obj (.text:__TI_renormd)
                  00014ef6    000000b2                            : s_frexp.obj (.text:frexp)
                  00014fa8    000000a6                            : _printfi.obj (.text:_pproc_str)
                  0001504e    000000a4     loka-lib-rc.lib : manufacturer_api.obj (.text:MANUF_API_delay)
                  000150f2    0000009e     rts430x_lc_rd_eabi.lib : fltlid.obj (.text:__mspabi_fltlid)
                  00015190    00000098     loka-lib-rc.lib : radio.obj (.text:RADIO_init_chip)
                  00015228    00000094     rts430x_lc_rd_eabi.lib : _printfi.obj (.text:_ecpy)
                  000152bc    00000090                            : _printfi.obj (.text:_mcpy)
                  0001534c    0000008e                            : memory.obj (.text:free)
                  000153da    00000082                            : autoinit_wdt.obj (.text:_auto_init_hold_wdt)
                  0001545c    00000080                            : fltuld.obj (.text:__mspabi_fltuld)
                  000154dc    00000080                            : ltoa.obj (.text:ltoa)
                  0001555c    0000007e     loka-lib-rc.lib : sigfox_scramb.obj (.text:SIGFOX_SCRAMB_compute)
                  000155da    0000007a                     : SigfoxProtocol.obj (.text:_ZN14SigfoxProtocol19processReceivedDataEiPh)
                  00015654    00000078                     : manufacturer_api.obj (.text:MANUF_API_aes_128_cbc_encrypt)
                  000156cc    00000078     rts430x_lc_rd_eabi.lib : _printfi.obj (.text:_pconv_f)
                  00015744    00000076     loka-lib-rc.lib : hal_spi_rf_trxeb.obj (.text:trxReadWriteBurstSingle)
                  000157ba    0000006e                     : Loka.obj (.text:_ZN4Loka16bspMcuSetVCoreUpEh)
                  00015828    0000006e                     : Console.obj (.text:_ZN7Console5debugEPcz)
                  00015896    0000006e                     : parameters.obj (.text:read_parameter)
                  00015904    0000006c                     : flash_drv.obj (.text:flash_read_wear_level)
                  00015970    0000006a     main.obj (.text:_Z4loopv)
                  000159da    0000006a     loka-lib-rc.lib : SigfoxProtocol.obj (.text:_ZN14SigfoxProtocol11srawMessageEPhi)
                  00015a44    0000006a                     : CC1125.obj (.text:_ZN6CC112515sendAndReadDataEPhiS0_)
                  00015aae    00000068                     : SerialPort.obj (.text:_ZN10SerialPort5writeEh)
                  00015b16    00000068     rts430x_lc_rd_eabi.lib : copy_decompress_rle.obj (.text:__TI_decompress_rle_core)
                  00015b7e    00000068                            : fixdul.obj (.text:__mspabi_fixdul)
                  00015be6    00000068     loka-lib-rc.lib : uart.obj (.text:uart_tx_isr)
                  00015c4e    00000066     rts430x_lc_rd_eabi.lib : fixdli.obj (.text:__mspabi_fixdli)
                  00015cb4    00000066                            : cpy_tbl.obj (.text:copy_in)
                  00015d1a    00000064     loka-lib-rc.lib : main.obj (.text:_Z12tc_rtos_initi)
                  00015d7e    00000062     rts430x_lc_rd_eabi.lib : atoi.obj (.text:atoi)
                  00015de0    0000005e     loka-lib-rc.lib : radio.obj (.text:RADIO_start_rf_carrier)
                  00015e3e    0000005e                     : Loka.obj (.text:_ZN4Loka21set24MHzBoosterOnModeEv)
                  00015e9c    0000005e                     : interruptions.obj (.text:intConnect)
                  00015efa    0000005c                     : sigfox_pn.obj (.text:SIGFOX_PN_next_pn)
                  00015f56    0000005c                     : ConsoleInterface.obj (.text:console_debug)
                  00015fb2    0000005a                     : cc112x_spi.obj (.text:cc112xSpiReadReg)
                  0001600c    0000005a                     : cc112x_spi.obj (.text:cc112xSpiWriteReg)
                  00016066    00000058                     : radio.obj (.text:RADIO_stop_rf_carrier)
                  000160be    00000058                     : SerialPort.obj (.text:_ZN10SerialPort4readEv)
                  00016116    00000058     rts430x_lc_rd_eabi.lib : div32u.obj (.text)
                  0001616e    00000056     loka-lib-rc.lib : manufacturer_api.obj (.text:MANUF_API_rf_send)
                  000161c4    00000056                     : sigfox_api.obj (.text:SIGFOX_API_set_std_config)
                  0001621a    00000056     rts430x_lc_rd_eabi.lib : dtor_list.obj (.text:__cxa_finalize)
                  00016270    00000054     loka-lib-rc.lib : sigfox_hmac.obj (.text:SIGFOX_HMAC_compute_aes)
                  000162c4    00000054                     : SigfoxProtocol.obj (.text:_ZN14SigfoxProtocol14sendDataLoggerEill)
                  00016318    00000052     main.obj (.text:_Z11printBufferv)
                  0001636a    00000050     loka-lib-rc.lib : Loka.obj (.text:_ZN4Loka21set1MHzBoosterOffModeEv)
                  000163ba    00000050                     : flash_drv.obj (.text:flash_erase_segment)
                  0001640a    0000004e     rts430x_lc_rd_eabi.lib : dtor_list.obj (.text:_Z11__TI_atexitPFYvPvES_S_)
                  00016458    0000004e                            : _printfi.obj (.text:_fcpy)
                  000164a6    0000004c     loka-lib-rc.lib : Loka.obj (.text:_ZN4Loka9getConfigEPKcPc)
                  000164f2    0000004a     rts430x_lc_rd_eabi.lib : exit.obj (.text:exit)
                  0001653c    0000004a     loka-lib-rc.lib : interruptions.obj (.text:intSetEdge)
                  00016586    0000004a                     : uart.obj (.text:store_char)
                  000165d0    00000048                     : buf_double.obj (.text:insert_int)
                  00016618    00000048                     : hal_spi_rf_trxeb.obj (.text:trx16BitRegAccess)
                  00016660    00000046     main.obj (.text:_Z14convertAndSendv)
                  000166a6    00000044     rts430x_lc_rd_eabi.lib : sprintf.obj (.text:sprintf)
                  000166ea    00000042     loka-lib-rc.lib : flash_drv.obj (.text:flash_write_data)
                  0001672c    00000042     rts430x_lc_rd_eabi.lib : memory.obj (.text:minit)
                  0001676e    00000040     loka-lib-rc.lib : sigfox_api.obj (.text:SIGFOX_API_close)
                  000167ae    00000040                     : Loka.obj (.text:_ZN4Loka27bspMcuSetVCoreForBoosterOffEv)
                  000167ee    00000040     rts430x_lc_rd_eabi.lib : div32s.obj (.text)
                  0001682e    0000003e     loka-lib-rc.lib : CC1125.obj (.text:_ZN6CC11254initEi)
                  0001686c    0000003e                     : CC1125.obj (.text:_ZN6CC11257turnOffEv)
                  000168aa    0000003e     rts430x_lc_rd_eabi.lib : asr32.obj (.text:l_asr_const)
                  000168e8    0000003e                            : lsl32.obj (.text:l_lsl_const)
                  00016926    0000003e                            : lsr32.obj (.text:l_lsr_const)
                  00016964    0000003e     loka-lib-rc.lib : rtc.obj (.text:sleep)
                  000169a2    0000003e                     : hal_spi_rf_trxeb.obj (.text:trxRfSpiInterfaceInit)
                  000169e0    0000003a     rts430x_lc_rd_eabi.lib : lsl64.obj (.text:__mspabi_sllll)
                  00016a1a    0000003a                            : lsr64.obj (.text:__mspabi_srlll)
                  00016a54    0000003a     loka-lib-rc.lib : hal_spi_rf_trxeb.obj (.text:trx8BitRegAccess)
                  00016a8e    0000003a     rts430x_lc_rd_eabi.lib : vsprintf.obj (.text:vsprintf)
                  00016ac8    00000038     loka-lib-rc.lib : buf_double.obj (.text:read_int)
                  00016b00    00000036                     : sigfox_crc.obj (.text:SIGFOX_CRC_crc16)
                  00016b36    00000036                     : sigfox_crc.obj (.text:SIGFOX_CRC_crc8)
                  00016b6c    00000036                     : SerialPort.obj (.text:_ZN10SerialPort9availableEv)
                  00016ba2    00000034                     : parameters.obj (.text:flash_seg_erase)
                  00016bd6    00000034                     : hal_spi_rf_trxeb.obj (.text:trxRfSpiInterfaceDeinit)
                  00016c0a    00000034                     : rtc.obj (.text:usleep)
                  00016c3e    00000032     rts430x_lc_rd_eabi.lib : subd.obj (.text:__mspabi_subd)
                  00016c70    00000030     loka-lib-rc.lib : Loka.obj (.text:_ZN4Loka18bspMcuSetVCoreDownEh)
                  00016ca0    0000002e                     : Loka.obj (.text:_ZN4Loka14bspMcuStartXT1Ev)
                  00016cce    0000002e     rts430x_lc_rd_eabi.lib : negd.obj (.text:__mspabi_negd)
                  00016cfc    0000002e                            : s_copysign.obj (.text:copysign)
                  00016d2a    0000002e     loka-lib-rc.lib : interruptions.obj (.text:intClear)
                  00016d58    0000002e                     : interruptions.obj (.text:intDisable)
                  00016d86    0000002c                     : SerialPort.obj (.text:_ZN10SerialPort5writeEPc)
                  00016db2    0000002a                     : interruptions.obj (.text:intEnable)
                  00016ddc    0000002a                     : parameters.obj (.text:parameter_reset)
                  00016e06    00000028                     : manufacturer_api.obj (.text:MANUF_API_timer_start)
                  00016e2e    00000028                     : transmission.obj (.text:TxProcess)
                  00016e56    00000028                     : Loka.obj (.text:_ZN4Loka26bspMcuSetVCoreForBoosterOnEv)
                  00016e7e    00000028     rts430x_lc_rd_eabi.lib : fixdi.obj (.text:__mspabi_fixdi)
                  00016ea6    00000026     loka-lib-rc.lib : manufacturer_api.obj (.text:MANUF_API_malloc)
                  00016ecc    00000026                     : hal_spi_rf_trxeb.obj (.text:trxSpiCmdStrobe)
                  00016ef2    00000024                     : manufacturer_api.obj (.text:MANUF_API_free)
                  00016f16    00000024                     : transmission.obj (.text:Read_Bit)
                  00016f3a    00000024                     : Loka.obj (.text:_ZN4Loka14bspMcuSetVCoreEh)
                  00016f5e    00000024     rts430x_lc_rd_eabi.lib : mult32_f5hw.obj (.text)
                  00016f82    00000020     loka-lib-rc.lib : manufacturer_api.obj (.text:MANUF_API_get_nv_mem)
                  00016fa2    00000020                     : Console.obj (.text:_ZN7Console4initEi)
                  00016fc2    00000020     rts430x_lc_rd_eabi.lib : sprintf.obj (.text:_outs)
                  00016fe2    00000020                            : vsprintf.obj (.text:_outs)
                  00017002    0000001e     loka-lib-rc.lib : sigfox_decode.obj (.text:SIGFOX_DECODE_dewhitening_pn)
                  00017020    0000001e     main.obj (.text:_Z5setupv)
                  0001703e    0000001e     loka-lib-rc.lib : SerialPort.obj (.text:_ZN10SerialPort4initEil)
                  0001705c    0000001e     rts430x_lc_rd_eabi.lib : memccpy.obj (.text:memccpy)
                  0001707a    0000001e     loka-lib-rc.lib : trx_rf_int.obj (.text:trxIsrConnect)
                  00017098    0000001c                     : rtc.obj (.text:init_rtc)
                  000170b4    0000001c     rts430x_lc_rd_eabi.lib : strchr.obj (.text:strchr)
                  000170d0    0000001c                            : strcmp.obj (.text:strcmp)
                  000170ec    0000001a     loka-lib-rc.lib : radio.obj (.text:RADIO_close_chip)
                  00017106    0000001a                     : timer.obj (.text:TIMER_bitrate_init)
                  00017120    0000001a     main.obj (.text:__sti___8_main_cpp_ul)
                  0001713a    0000001a     loka-lib-rc.lib : flash_drv.obj (.text:flash_read_data)
                  00017154    00000018                     : manufacturer_api.obj (.text:MANUF_API_rf_init)
                  0001716c    00000018                     : LokaAnalog.obj (.text:_ZN10LokaAnalog4initEv)
                  00017184    00000018                     : Loka.obj (.text:_ZN4Loka7StopSVSEv)
                  0001719c    00000018                     : Loka.obj (.text:_ZN4Loka8StartSVSEv)
                  000171b4    00000018                     : Console.obj (.text:__sti___11_Console_cpp_1b5f5091)
                  000171cc    00000018     rts430x_lc_rd_eabi.lib : mult16_f5hw.obj (.text)
                  000171e4    00000016     loka-lib-rc.lib : manufacturer_api.obj (.text:MANUF_API_get_voltage_temperature)
                  000171fa    00000016                     : manufacturer_api.obj (.text:MANUF_API_set_nv_mem)
                  00017210    00000016                     : manufacturer_api.obj (.text:MANUF_API_timer_wait_for_end)
                  00017226    00000016     rts430x_lc_rd_eabi.lib : memset.obj (.text:memset)
                  0001723c    00000016                            : div16u.obj (.text)
                  00017252    00000016     loka-lib-rc.lib : uart.obj (.text:uart_rx_isr)
                  00017268    00000014     rts430x_lc_rd_eabi.lib : sprintf.obj (.text:_outc)
                  0001727c    00000014                            : vsprintf.obj (.text:_outc)
                  00017290    00000014                            : memcpy.obj (.text:memcpy)
                  000172a4    00000014     loka-lib-rc.lib : rtc.obj (.text:start_timer)
                  000172b8    00000014                     : trx_rf_int.obj (.text:trxClearIntFlag)
                  000172cc    00000014                     : trx_rf_int.obj (.text:trxDisableInt)
                  000172e0    00000014                     : trx_rf_int.obj (.text:trxEnableInt)
                  000172f4    00000012                     : sigfox_api.obj (.text:SIGFOX_API_reset)
                  00017306    00000012                     : Console.obj (.text:_ZN7Console5writeEPc)
                  00017318    00000012     rts430x_lc_rd_eabi.lib : fixdu.obj (.text:__mspabi_fixdu)
                  0001732a    00000012                            : copy_decompress_none.obj (.text:decompress:none:__TI_decompress_none)
                  0001733c    00000012     main.obj (.text:main)
                  0001734e    00000012     loka-lib-rc.lib : rtc.obj (.text:millis)
                  00017360    00000012     rts430x_lc_rd_eabi.lib : strcpy.obj (.text:strcpy)
                  00017372    00000012                            : toupper.obj (.text:toupper)
                  00017384    00000010     loka-lib-rc.lib : cc112x_spi.obj (.text:cc112xSpiReadRxFifo)
                  00017394    00000010                     : ti_aes_128.obj (.text:galois_mul2)
                  000173a4    00000010     rts430x_lc_rd_eabi.lib : asr32.obj (.text:l_asr)
                  000173b4    00000010                            : lsl32.obj (.text:l_lsl)
                  000173c4    00000010                            : lsr32.obj (.text:l_lsr)
                  000173d4    00000010     loka-lib-rc.lib : rtc.obj (.text:pause_timer)
                  000173e4    0000000e                     : manufacturer_api.obj (.text:MANUF_API_get_rssi)
                  000173f2    0000000e                     : timer.obj (.text:TIMER_bitrate_start)
                  00017400    0000000e                     : transmission.obj (.text:TxInit)
                  0001740e    0000000e     rts430x_lc_rd_eabi.lib : strlen.obj (.text:strlen)
                  0001741c    0000000c     loka-lib-rc.lib : timer.obj (.text:TIMER_bitrate_stop)
                  00017428    0000000c                     : Loka.obj (.text:_ZN4Loka11eraseConfigEv)
                  00017434    0000000c     rts430x_lc_rd_eabi.lib : fltid.obj (.text:__mspabi_fltid)
                  00017440    0000000a     loka-lib-rc.lib : SerialPort.obj (.text:_ZN10SerialPortC1Ev)
                  0001744a    0000000a                     : SerialPort.obj (.text:_ZN10SerialPortD0Ev)
                  00017454    0000000a     rts430x_lc_rd_eabi.lib : typeinfo_.obj (.text:_ZN10__cxxabiv117__class_type_infoD0Ev)
                  0001745e    0000000a                            : typeinfo_.obj (.text:_ZN10__cxxabiv120__si_class_type_infoD0Ev)
                  00017468    0000000a     loka-lib-rc.lib : SigfoxProtocol.obj (.text:_ZN14SigfoxProtocol4initE10SigfoxMode)
                  00017472    0000000a                     : Loka.obj (.text:_ZN4Loka19getCurrentFrequencyEv)
                  0001747c    0000000a     rts430x_lc_rd_eabi.lib : delete.obj (.text:_ZdlPv)
                  00017486    0000000a                            : abs.obj (.text:abs)
                  00017490    0000000a     loka-lib-rc.lib : rtc.obj (.text:getTime)
                  0001749a    0000000a     rts430x_lc_rd_eabi.lib : lsl16.obj (.text)
                  000174a4    0000000a                            : lsr16.obj (.text)
                  000174ae    0000000a     loka-lib-rc.lib : rtc.obj (.text:setTime)
                  000174b8    00000008                     : manufacturer_api.obj (.text:MANUF_API_change_frequency)
                  000174c0    00000008                     : manufacturer_api.obj (.text:MANUF_API_rf_stop)
                  000174c8    00000008                     : radio.obj (.text:RADIO_rx_packet_interrupt_handler)
                  000174d0    00000008                     : Loka.obj (.text:_ZN4Loka13watchdogResetEv)
                  000174d8    00000008                     : Loka.obj (.text:_ZN4Loka15disableWatchdogEv)
                  000174e0    00000006                     : CC1125.obj (.text:_ZN6CC11258sendDataEPhi)
                  000174e6    00000006     rts430x_lc_rd_eabi.lib : dtor_list.obj (.text:__cxa_ia64_exit)
                  000174ec    00000006                            : exit.obj (.text:abort)
                  000174f2    00000006                            : copy_decompress_rle.obj (.text:decompress:rle24:__TI_decompress_rle24)
                  000174f8    00000006     loka-lib-rc.lib : rtc.obj (.text:set_timer_base)
                  000174fe    00000004                     : manufacturer_api.obj (.text:MANUF_API_timer_start_carrier_sense)
                  00017502    00000004                     : manufacturer_api.obj (.text:MANUF_API_timer_stop)
                  00017506    00000004                     : manufacturer_api.obj (.text:MANUF_API_timer_stop_carrier_sense)
                  0001750a    00000004                     : manufacturer_api.obj (.text:MANUF_API_wait_for_clear_channel)
                  0001750e    00000004     rts430x_lc_rd_eabi.lib : pre_init.obj (.text:_system_pre_init)
                  00017512    00000002     loka-lib-rc.lib : SerialPort.obj (.text:_ZN10SerialPortD1Ev)
                  00017514    00000002     rts430x_lc_rd_eabi.lib : typeinfo_.obj (.text:_ZN10__cxxabiv117__class_type_infoD1Ev)
                  00017516    00000002                            : typeinfo_.obj (.text:_ZN10__cxxabiv120__si_class_type_infoD1Ev)
                  00017518    00000002                            : _lock.obj (.text:_nop)
                  0001751a    00000002                            : startup.obj (.text:_system_post_cinit)

MODULE SUMMARY

       Module                     code    ro data   rw data
       ------                     ----    -------   -------
    .\
       main.obj                   332     10        46     
    +--+--------------------------+-------+---------+---------+
       Total:                     332     10        46     
                                                           
    ../include/loka-lib-rc.lib
       flash_drv.obj              464     0         2048   
       sigfox_internal.obj        2308    99        4      
       Loka.obj                   1856    0         33     
       radio.obj                  934     788       1      
       ti_aes_128.obj             988     522       0      
       sigfox_api.obj             1152    0         6      
       manufacturer_api.obj       866     0         268    
       parameters.obj             392     0         480    
       SerialPort.obj             530     37        0      
       sigfox_decode.obj          498     32        0      
       interruptions.obj          458     4         64     
       CC1125.obj                 464     30        26     
       uart.obj                   444     2         32     
       SigfoxProtocol.obj         322     132       18     
       hal_spi_rf_trxeb.obj       400     0         0      
       rtc.obj                    306     4         20     
       Console.obj                184     16        8      
       cc112x_spi.obj             196     0         0      
       main.obj                   100     62        0      
       sigfox_scramb.obj          126     16        0      
       buf_double.obj             128     0         0      
       sigfox_hmac.obj            84      0         32     
       sigfox_crc.obj             108     0         0      
       ConsoleInterface.obj       92      12        0      
       transmission.obj           90      0         7      
       sigfox_pn.obj              92      0         0      
       trx_rf_int.obj             90      0         0      
       timer.obj                  76      2         0      
       LokaAnalog.obj             24      0         0      
    +--+--------------------------+-------+---------+---------+
       Total:                     13772   1758      3047   
                                                           
    C:\ti\ccsv7\tools\compiler\msp430_15.12.3.LTS\lib\rts430x_lc_rd_eabi.lib
       _printfi.obj               6324    38        0      
       frcdivd.obj                1158    0         0      
       div64u.obj                 882     0         0      
       frcmpyd.obj                740     0         0      
       addd.obj                   728     0         0      
       mpyd.obj                   642     0         0      
       frcaddd.obj                594     0         0      
       strtol.obj                 572     0         0      
       divd.obj                   546     0         0      
       s_scalbn.obj               416     0         0      
       memory.obj                 394     0         12     
       ctype.obj                  0       257       0      
       cmpd.obj                   216     0         0      
       dtor_list.obj              170     0         8      
       renormd.obj                178     0         0      
       s_frexp.obj                178     0         0      
       typeinfo_.obj              24      148       0      
       fltlid.obj                 158     0         0      
       autoinit_wdt.obj           130     0         0      
       fltuld.obj                 128     0         0      
       ltoa.obj                   128     0         0      
       sprintf.obj                120     0         0      
       copy_decompress_rle.obj    110     0         0      
       vsprintf.obj               110     0         0      
       fixdul.obj                 104     0         0      
       cpy_tbl.obj                102     0         0      
       fixdli.obj                 102     0         0      
       atoi.obj                   98      0         0      
       div32u.obj                 88      0         0      
       exit.obj                   80      0         2      
       asr32.obj                  78      0         0      
       lsl32.obj                  78      0         0      
       lsr32.obj                  78      0         0      
       div32s.obj                 64      0         0      
       lsl64.obj                  58      0         0      
       lsr64.obj                  58      0         0      
       subd.obj                   50      0         0      
       negd.obj                   46      0         0      
       s_copysign.obj             46      0         0      
       fixdi.obj                  40      0         0      
       mult32_f5hw.obj            36      0         0      
       memccpy.obj                30      0         0      
       boot_special.obj           28      0         0      
       strchr.obj                 28      0         0      
       strcmp.obj                 28      0         0      
       mult16_f5hw.obj            24      0         0      
       div16u.obj                 22      0         0      
       memset.obj                 22      0         0      
       memcpy.obj                 20      0         0      
       copy_decompress_none.obj   18      0         0      
       fixdu.obj                  18      0         0      
       strcpy.obj                 18      0         0      
       toupper.obj                18      0         0      
       strlen.obj                 14      0         0      
       fltid.obj                  12      0         0      
       _lock.obj                  2       0         8      
       abs.obj                    10      0         0      
       delete.obj                 10      0         0      
       lsl16.obj                  10      0         0      
       lsr16.obj                  10      0         0      
       exit_gvars.obj             0       0         8      
       isr_trap.obj               8       0         0      
       pre_init.obj               4       0         0      
       boot.obj                   0       2         0      
       errno.obj                  0       0         2      
       int43.obj                  0       2         0      
       int44.obj                  0       2         0      
       int45.obj                  0       2         0      
       int46.obj                  0       2         0      
       int48.obj                  0       2         0      
       int50.obj                  0       2         0      
       int52.obj                  0       2         0      
       int54.obj                  0       2         0      
       int55.obj                  0       2         0      
       int57.obj                  0       2         0      
       int58.obj                  0       2         0      
       int59.obj                  0       2         0      
       int60.obj                  0       2         0      
       int61.obj                  0       2         0      
       int62.obj                  0       2         0      
       startup.obj                2       0         0      
    +--+--------------------------+-------+---------+---------+
       Total:                     16208   475       40     
                                                           
       Heap:                      0       0         3072   
       Stack:                     0       0         2048   
       Linker Generated:          0       175       0      
    +--+--------------------------+-------+---------+---------+
       Grand Total:               30312   2418      8253   


LINKER GENERATED COPY TABLES

__TI_cinit_table @ 00004e74 records: 5, size/record: 8, table size: 40
	.data: load addr=00004de8, load size=00000055 bytes, run addr=00003138, run size=00000112 bytes, compression=rle
	.TI.bound:flash_array: load addr=00004e3e, load size=0000000b bytes, run addr=00022400, run size=00000800 bytes, compression=rle
	.bss: load addr=00004e4a, load size=0000000b bytes, run addr=00003000, run size=00000137 bytes, compression=rle
	.config: load addr=00004e56, load size=0000000b bytes, run addr=00001800, run size=000001e0 bytes, compression=rle
	.sfx_id: load addr=00004e62, load size=00000009 bytes, run addr=00022200, run size=00000014 bytes, compression=rle


LINKER GENERATED HANDLER TABLE

__TI_handler_table @ 00004e6c records: 2, size/record: 4, table size: 8
	index: 0, handler: __TI_decompress_rle24
	index: 1, handler: __TI_decompress_none


GLOBAL SYMBOLS: SORTED ALPHABETICALLY BY Name 

address   name                                           
-------   ----                                           
00000740  ADC10CTL0                                      
00000741  ADC10CTL0_H                                    
00000740  ADC10CTL0_L                                    
00000742  ADC10CTL1                                      
00000743  ADC10CTL1_H                                    
00000742  ADC10CTL1_L                                    
00000744  ADC10CTL2                                      
00000745  ADC10CTL2_H                                    
00000744  ADC10CTL2_L                                    
00000748  ADC10HI                                        
00000749  ADC10HI_H                                      
00000748  ADC10HI_L                                      
0000075a  ADC10IE                                        
0000075b  ADC10IE_H                                      
0000075a  ADC10IE_L                                      
0000075c  ADC10IFG                                       
0000075d  ADC10IFG_H                                     
0000075c  ADC10IFG_L                                     
0000075e  ADC10IV                                        
0000075f  ADC10IV_H                                      
0000075e  ADC10IV_L                                      
00000746  ADC10LO                                        
00000747  ADC10LO_H                                      
00000746  ADC10LO_L                                      
0000074a  ADC10MCTL0                                     
0000074b  ADC10MCTL0_H                                   
0000074a  ADC10MCTL0_L                                   
00000752  ADC10MEM0                                      
00000753  ADC10MEM0_H                                    
00000752  ADC10MEM0_L                                    
000174ec  C$$EXIT                                        
000008c0  CBCTL0                                         
000008c1  CBCTL0_H                                       
000008c0  CBCTL0_L                                       
000008c2  CBCTL1                                         
000008c3  CBCTL1_H                                       
000008c2  CBCTL1_L                                       
000008c4  CBCTL2                                         
000008c5  CBCTL2_H                                       
000008c4  CBCTL2_L                                       
000008c6  CBCTL3                                         
000008c7  CBCTL3_H                                       
000008c6  CBCTL3_L                                       
000008cc  CBINT                                          
000008cd  CBINT_H                                        
000008cc  CBINT_L                                        
000008ce  CBIV                                           
00000150  CRCDI                                          
00000152  CRCDIRB                                        
00000153  CRCDIRB_H                                      
00000152  CRCDIRB_L                                      
00000151  CRCDI_H                                        
00000150  CRCDI_L                                        
00000154  CRCINIRES                                      
00000155  CRCINIRES_H                                    
00000154  CRCINIRES_L                                    
00000156  CRCRESR                                        
00000157  CRCRESR_H                                      
00000156  CRCRESR_L                                      
00000510  DMA0CTL                                        
00000511  DMA0CTL_H                                      
00000510  DMA0CTL_L                                      
00000516  DMA0DA                                         
00000518  DMA0DAH                                        
00000516  DMA0DAL                                        
00000512  DMA0SA                                         
00000514  DMA0SAH                                        
00000512  DMA0SAL                                        
0000051a  DMA0SZ                                         
00000520  DMA1CTL                                        
00000521  DMA1CTL_H                                      
00000520  DMA1CTL_L                                      
00000526  DMA1DA                                         
00000528  DMA1DAH                                        
00000526  DMA1DAL                                        
00000522  DMA1SA                                         
00000524  DMA1SAH                                        
00000522  DMA1SAL                                        
0000052a  DMA1SZ                                         
00000530  DMA2CTL                                        
00000531  DMA2CTL_H                                      
00000530  DMA2CTL_L                                      
00000536  DMA2DA                                         
00000538  DMA2DAH                                        
00000536  DMA2DAL                                        
00000532  DMA2SA                                         
00000534  DMA2SAH                                        
00000532  DMA2SAL                                        
0000053a  DMA2SZ                                         
00000500  DMACTL0                                        
00000501  DMACTL0_H                                      
00000500  DMACTL0_L                                      
00000502  DMACTL1                                        
00000503  DMACTL1_H                                      
00000502  DMACTL1_L                                      
00000504  DMACTL2                                        
00000505  DMACTL2_H                                      
00000504  DMACTL2_L                                      
00000506  DMACTL3                                        
00000507  DMACTL3_H                                      
00000506  DMACTL3_L                                      
00000508  DMACTL4                                        
00000509  DMACTL4_H                                      
00000508  DMACTL4_L                                      
0000050e  DMAIV                                          
0000050f  DMAIV_H                                        
0000050e  DMAIV_L                                        
00003000  DynamicMemoryTable                             
00000140  FCTL1                                          
00000141  FCTL1_H                                        
00000140  FCTL1_L                                        
00000144  FCTL3                                          
00000145  FCTL3_H                                        
00000144  FCTL3_L                                        
00000146  FCTL4                                          
00000147  FCTL4_H                                        
00000146  FCTL4_L                                        
000004c4  MAC                                            
000004da  MAC32H                                         
000004db  MAC32H_H                                       
000004da  MAC32H_L                                       
000004d8  MAC32L                                         
000004d9  MAC32L_H                                       
000004d8  MAC32L_L                                       
000004c6  MACS                                           
000004de  MACS32H                                        
000004df  MACS32H_H                                      
000004de  MACS32H_L                                      
000004dc  MACS32L                                        
000004dd  MACS32L_H                                      
000004dc  MACS32L_L                                      
000004c7  MACS_H                                         
000004c6  MACS_L                                         
000004c5  MAC_H                                          
000004c4  MAC_L                                          
00015654  MANUF_API_aes_128_cbc_encrypt                  
000174b8  MANUF_API_change_frequency                     
0001504e  MANUF_API_delay                                
00016ef2  MANUF_API_free                                 
00016f82  MANUF_API_get_nv_mem                           
000173e4  MANUF_API_get_rssi                             
000171e4  MANUF_API_get_voltage_temperature              
00016ea6  MANUF_API_malloc                               
00017154  MANUF_API_rf_init                              
0001616e  MANUF_API_rf_send                              
000174c0  MANUF_API_rf_stop                              
000171fa  MANUF_API_set_nv_mem                           
00016e06  MANUF_API_timer_start                          
000174fe  MANUF_API_timer_start_carrier_sense            
00017502  MANUF_API_timer_stop                           
00017506  MANUF_API_timer_stop_carrier_sense             
00017210  MANUF_API_timer_wait_for_end                   
0001750a  MANUF_API_wait_for_clear_channel               
000145f0  MANUF_API_wait_frame                           
000004c0  MPY                                            
000004ec  MPY32CTL0                                      
000004ed  MPY32CTL0_H                                    
000004ec  MPY32CTL0_L                                    
000004d2  MPY32H                                         
000004d3  MPY32H_H                                       
000004d2  MPY32H_L                                       
000004d0  MPY32L                                         
000004d1  MPY32L_H                                       
000004d0  MPY32L_L                                       
000004c2  MPYS                                           
000004d6  MPYS32H                                        
000004d7  MPYS32H_H                                      
000004d6  MPYS32H_L                                      
000004d4  MPYS32L                                        
000004d5  MPYS32L_H                                      
000004d4  MPYS32L_L                                      
000004c3  MPYS_H                                         
000004c2  MPYS_L                                         
000004c1  MPY_H                                          
000004c0  MPY_L                                          
000004c8  OP2                                            
000004e2  OP2H                                           
000004e3  OP2H_H                                         
000004e2  OP2H_L                                         
000004e0  OP2L                                           
000004e1  OP2L_H                                         
000004e0  OP2L_L                                         
000004c9  OP2_H                                          
000004c8  OP2_L                                          
0000020e  P1IV                                           
0000021e  P2IV                                           
000001e0  P4MAP01                                        
000001e1  P4MAP01_H                                      
000001e0  P4MAP01_L                                      
000001e2  P4MAP23                                        
000001e3  P4MAP23_H                                      
000001e2  P4MAP23_L                                      
000001e4  P4MAP45                                        
000001e5  P4MAP45_H                                      
000001e4  P4MAP45_L                                      
000001e6  P4MAP67                                        
000001e7  P4MAP67_H                                      
000001e6  P4MAP67_L                                      
00000204  PADIR                                          
00000205  PADIR_H                                        
00000204  PADIR_L                                        
00000208  PADS                                           
00000209  PADS_H                                         
00000208  PADS_L                                         
0000021a  PAIE                                           
00000218  PAIES                                          
00000219  PAIES_H                                        
00000218  PAIES_L                                        
0000021b  PAIE_H                                         
0000021a  PAIE_L                                         
0000021c  PAIFG                                          
0000021d  PAIFG_H                                        
0000021c  PAIFG_L                                        
00000200  PAIN                                           
00000201  PAIN_H                                         
00000200  PAIN_L                                         
00000202  PAOUT                                          
00000203  PAOUT_H                                        
00000202  PAOUT_L                                        
00000206  PAREN                                          
00000207  PAREN_H                                        
00000206  PAREN_L                                        
0000020a  PASEL                                          
0000020b  PASEL_H                                        
0000020a  PASEL_L                                        
00000224  PBDIR                                          
00000225  PBDIR_H                                        
00000224  PBDIR_L                                        
00000228  PBDS                                           
00000229  PBDS_H                                         
00000228  PBDS_L                                         
00000220  PBIN                                           
00000221  PBIN_H                                         
00000220  PBIN_L                                         
00000222  PBOUT                                          
00000223  PBOUT_H                                        
00000222  PBOUT_L                                        
00000226  PBREN                                          
00000227  PBREN_H                                        
00000226  PBREN_L                                        
0000022a  PBSEL                                          
0000022b  PBSEL_H                                        
0000022a  PBSEL_L                                        
00000244  PCDIR                                          
00000245  PCDIR_H                                        
00000244  PCDIR_L                                        
00000248  PCDS                                           
00000249  PCDS_H                                         
00000248  PCDS_L                                         
00000240  PCIN                                           
00000241  PCIN_H                                         
00000240  PCIN_L                                         
00000242  PCOUT                                          
00000243  PCOUT_H                                        
00000242  PCOUT_L                                        
00000246  PCREN                                          
00000247  PCREN_H                                        
00000246  PCREN_L                                        
0000024a  PCSEL                                          
0000024b  PCSEL_H                                        
0000024a  PCSEL_L                                        
00000324  PJDIR                                          
00000325  PJDIR_H                                        
00000324  PJDIR_L                                        
00000328  PJDS                                           
00000329  PJDS_H                                         
00000328  PJDS_L                                         
00000320  PJIN                                           
00000321  PJIN_H                                         
00000320  PJIN_L                                         
00000322  PJOUT                                          
00000323  PJOUT_H                                        
00000322  PJOUT_L                                        
00000326  PJREN                                          
00000327  PJREN_H                                        
00000326  PJREN_L                                        
00000130  PM5CTL0                                        
00000131  PM5CTL0_H                                      
00000130  PM5CTL0_L                                      
000001c2  PMAPCTL                                        
000001c3  PMAPCTL_H                                      
000001c2  PMAPCTL_L                                      
000001c0  PMAPKEYID                                      
000001c1  PMAPKEYID_H                                    
000001c0  PMAPKEYID_L                                    
00000120  PMMCTL0                                        
00000121  PMMCTL0_H                                      
00000120  PMMCTL0_L                                      
00000122  PMMCTL1                                        
00000123  PMMCTL1_H                                      
00000122  PMMCTL1_L                                      
0000012c  PMMIFG                                         
0000012d  PMMIFG_H                                       
0000012c  PMMIFG_L                                       
0000012e  PMMRIE                                         
0000012f  PMMRIE_H                                       
0000012e  PMMRIE_L                                       
00014140  RADIO_change_frequency                         
000170ec  RADIO_close_chip                               
00015190  RADIO_init_chip                                
00013aa6  RADIO_modulate                                 
00015de0  RADIO_start_rf_carrier                         
00016066  RADIO_stop_rf_carrier                          
00000158  RCCTL0                                         
00000159  RCCTL0_H                                       
00000158  RCCTL0_L                                       
000001b0  REFCTL0                                        
000001b1  REFCTL0_H                                      
000001b0  REFCTL0_L                                      
000004e4  RES0                                           
000004e5  RES0_H                                         
000004e4  RES0_L                                         
000004e6  RES1                                           
000004e7  RES1_H                                         
000004e6  RES1_L                                         
000004e8  RES2                                           
000004e9  RES2_H                                         
000004e8  RES2_L                                         
000004ea  RES3                                           
000004eb  RES3_H                                         
000004ea  RES3_L                                         
000004cc  RESHI                                          
000004cd  RESHI_H                                        
000004cc  RESHI_L                                        
000004ca  RESLO                                          
000004cb  RESLO_H                                        
000004ca  RESLO_L                                        
00003212  RSSI                                           
000004ba  RTCADOWDAY                                     
000004bb  RTCADOWDAY_H                                   
000004ba  RTCADOWDAY_L                                   
000004b8  RTCAMINHR                                      
000004b9  RTCAMINHR_H                                    
000004b8  RTCAMINHR_L                                    
000004a0  RTCCTL01                                       
000004a1  RTCCTL01_H                                     
000004a0  RTCCTL01_L                                     
000004a2  RTCCTL23                                       
000004a3  RTCCTL23_H                                     
000004a2  RTCCTL23_L                                     
000004b4  RTCDATE                                        
000004b5  RTCDATE_H                                      
000004b4  RTCDATE_L                                      
000004ae  RTCIV                                          
000004ac  RTCPS                                          
000004a8  RTCPS0CTL                                      
000004a9  RTCPS0CTL_H                                    
000004a8  RTCPS0CTL_L                                    
000004aa  RTCPS1CTL                                      
000004ab  RTCPS1CTL_H                                    
000004aa  RTCPS1CTL_L                                    
000004ad  RTCPS_H                                        
000004ac  RTCPS_L                                        
000004b0  RTCTIM0                                        
000004b1  RTCTIM0_H                                      
000004b0  RTCTIM0_L                                      
000004b2  RTCTIM1                                        
000004b3  RTCTIM1_H                                      
000004b2  RTCTIM1_L                                      
000004b6  RTCYEAR                                        
000004b7  RTCYEAR_H                                      
000004b6  RTCYEAR_L                                      
0000449c  RTC_ISR                                        
00004dc4  Rcon                                           
00000100  SFRIE1                                         
00000101  SFRIE1_H                                       
00000100  SFRIE1_L                                       
00000102  SFRIFG1                                        
00000103  SFRIFG1_H                                      
00000102  SFRIFG1_L                                      
00000104  SFRRPCR                                        
00000105  SFRRPCR_H                                      
00000104  SFRRPCR_L                                      
000031fc  SFX_CONFIG_MODES                               
00003138  SFX_CONFIG_WORDS                               
00003204  SFX_DEFAULT_CHANNEL_TABLE                      
00003168  SFX_FREQUENCIES                                
0001676e  SIGFOX_API_close                               
00012fc0  SIGFOX_API_open                                
000172f4  SIGFOX_API_reset                               
00012bb0  SIGFOX_API_send_frame                          
000161c4  SIGFOX_API_set_std_config                      
00016b00  SIGFOX_CRC_crc16                               
00016b36  SIGFOX_CRC_crc8                                
00013e24  SIGFOX_DECODE_decode_frame                     
00016270  SIGFOX_HMAC_compute_aes                        
000134ce  SIGFOX_INT_build_frame                         
00014aac  SIGFOX_INT_receive_frame                       
000119e2  SIGFOX_INT_send_frame                          
00015efa  SIGFOX_PN_next_pn                              
0001555c  SIGFOX_SCRAMB_compute                          
000004ce  SUMEXT                                         
000004cf  SUMEXT_H                                       
000004ce  SUMEXT_L                                       
00000124  SVSMHCTL                                       
00000125  SVSMHCTL_H                                     
00000124  SVSMHCTL_L                                     
00000128  SVSMIO                                         
00000129  SVSMIO_H                                       
00000128  SVSMIO_L                                       
00000126  SVSMLCTL                                       
00000127  SVSMLCTL_H                                     
00000126  SVSMLCTL_L                                     
00000198  SYSBERRIV                                      
00000199  SYSBERRIV_H                                    
00000198  SYSBERRIV_L                                    
00000182  SYSBSLC                                        
00000183  SYSBSLC_H                                      
00000182  SYSBSLC_L                                      
00000180  SYSCTL                                         
00000181  SYSCTL_H                                       
00000180  SYSCTL_L                                       
00000186  SYSJMBC                                        
00000187  SYSJMBC_H                                      
00000186  SYSJMBC_L                                      
00000188  SYSJMBI0                                       
00000189  SYSJMBI0_H                                     
00000188  SYSJMBI0_L                                     
0000018a  SYSJMBI1                                       
0000018b  SYSJMBI1_H                                     
0000018a  SYSJMBI1_L                                     
0000018c  SYSJMBO0                                       
0000018d  SYSJMBO0_H                                     
0000018c  SYSJMBO0_L                                     
0000018e  SYSJMBO1                                       
0000018f  SYSJMBO1_H                                     
0000018e  SYSJMBO1_L                                     
0000019e  SYSRSTIV                                       
0000019f  SYSRSTIV_H                                     
0000019e  SYSRSTIV_L                                     
0000019c  SYSSNIV                                        
0000019d  SYSSNIV_H                                      
0000019c  SYSSNIV_L                                      
0000019a  SYSUNIV                                        
0000019b  SYSUNIV_H                                      
0000019a  SYSUNIV_L                                      
0000312a  SysState                                       
00000352  TA0CCR0                                        
00000354  TA0CCR1                                        
00000356  TA0CCR2                                        
00000358  TA0CCR3                                        
0000035a  TA0CCR4                                        
00000342  TA0CCTL0                                       
00000344  TA0CCTL1                                       
00000346  TA0CCTL2                                       
00000348  TA0CCTL3                                       
0000034a  TA0CCTL4                                       
00000340  TA0CTL                                         
00000360  TA0EX0                                         
0000036e  TA0IV                                          
00000350  TA0R                                           
[...]
0000322a  __TI_dtors_ptr                                 
0000322e  _lock                                          
00003232  _unlock                                        
00003240  _ZN7Console9initiatedE                         
00003244  errno                                          
00003246  __TI_enable_exit_profile_output                
00003c00  _stack                                         
00004400  __STACK_END                                    
00004400  port1_ISR                                      
0000444e  port2_ISR                                      
0000449c  RTC_ISR                                        
000044de  USCI_A0_ISR                                    
000044fe  _c_int00_noargs                                
0000451a  TIMER1_ISR                                     
00004532  TIMERA0_ISR                                    
00004544  __TI_ISR_TRAP                                  
0000454c  __TI_INITARRAY_Base                            
00004554  __TI_INITARRAY_Limit                           
00004754  _ctypes_                                       
00004856  rsbox                                          
00004956  sbox                                           
00004bee  fsync_lut_tx                                   
00004ca6  _ZTSN10__cxxabiv120__si_class_type_infoE       
00004ccc  _ZTSN10__cxxabiv117__class_type_infoE          
00004d0c  log_alpha                                      
00004d1c  pow_alpha                                      
00004d2c  _ZTV10SerialPort                               
00004d3c  _ZTVN10__cxxabiv117__class_type_infoE          
00004d4c  _ZTVN10__cxxabiv120__si_class_type_infoE       
00004d6c  _ZTS10SerialPort                               
00004d7a  _ZTSSt9type_info                               
00004da0  _ZTIN10__cxxabiv117__class_type_infoE          
00004dac  _ZTIN10__cxxabiv120__si_class_type_infoE       
00004dc4  Rcon                                           
00004dce  _ZTI10SerialPort                               
00004dd6  _ZTISt9type_info                               
00004e6c  __TI_Handler_Table_Base                        
00004e74  __TI_CINIT_Base                                
00004e74  __TI_Handler_Table_Limit                       
00004e9c  __TI_CINIT_Limit                               
0000d7d2  __TI_int41                                     
0000d7d4  __TI_int42                                     
0000d7d6  __TI_int43                                     
0000d7d8  __TI_int44                                     
0000d7da  __TI_int45                                     
0000d7dc  __TI_int46                                     
0000d7de  __TI_int47                                     
0000d7e0  __TI_int48                                     
0000d7e2  __TI_int49                                     
0000d7e4  __TI_int50                                     
0000d7e8  __TI_int52                                     
0000d7ea  __TI_int53                                     
0000d7ec  __TI_int54                                     
0000d7ee  __TI_int55                                     
0000d7f0  __TI_int56                                     
0000d7f2  __TI_int57                                     
0000d7f4  __TI_int58                                     
0000d7f6  __TI_int59                                     
0000d7f8  __TI_int60                                     
0000d7fa  __TI_int61                                     
0000d7fc  __TI_int62                                     
0000d7fe  _reset_vector                                  
00010000  __TI_frcdivd                                   
00010486  aes_enc_dec                                    
00010bd0  __mspabi_divull                                
00010f42  __TI_frcmpyd                                   
00011226  __mspabi_addd                                  
000114fe  __mspabi_mpyd                                  
000119e2  SIGFOX_INT_send_frame                          
00011c40  __TI_frcaddd                                   
000120da  __TI_printfi                                   
00012316  strtol                                         
00012776  __mspabi_divd                                  
00012bb0  SIGFOX_API_send_frame                          
00012fc0  SIGFOX_API_open                                
0001332e  ldexp                                          
0001332e  ldexpl                                         
0001332e  scalbn                                         
0001332e  scalbnl                                        
000134ce  SIGFOX_INT_build_frame                         
00013aa6  RADIO_modulate                                 
00013d06  _ZN4Loka9setConfigEPKcS1_                      
00013e24  SIGFOX_DECODE_decode_frame                     
00013f32  _ZN4Loka28bspMcuGetSystemClockSettingsEmPhS0_Pm
00014040  _ZN4Loka19bspSysClockSpeedSetEm                
00014140  RADIO_change_frequency                         
00014434  _ZN14SigfoxProtocol11turnOnRadioEv             
00014434  _ZN6CC11256turnOnEv                            
00014518  __mspabi_cmpd                                  
000145f0  MANUF_API_wait_frame                           
0001479a  configure_uart                                 
00014934  _ZN10SerialPort4initEilmm                      
000149f0  write_parameter                                
00014aac  SIGFOX_INT_receive_frame                       
00014b66  _ZN4Loka4initEv                                
00014c20  malloc                                         
00014cda  flash_write_wear_level                         
00014d92  _ZN4Loka12digitalWriteE5digioh                 
00014e44  __TI_renormd                                   
00014ef6  frexp                                          
00014ef6  frexpl                                         
0001504e  MANUF_API_delay                                
000150f2  __mspabi_fltlid                                
00015190  RADIO_init_chip                                
0001534c  free                                           
000153da  _auto_init_hold_wdt                            
0001545c  __mspabi_fltuld                                
000154dc  ltoa                                           
0001555c  SIGFOX_SCRAMB_compute                          
000155da  _ZN14SigfoxProtocol19processReceivedDataEiPh   
00015654  MANUF_API_aes_128_cbc_encrypt                  
000157ba  _ZN4Loka16bspMcuSetVCoreUpEh                   
00015828  _ZN7Console5debugEPcz                          
00015896  read_parameter                                 
00015904  flash_read_wear_level                          
00015970  _Z4loopv                                       
000159da  _ZN14SigfoxProtocol11srawMessageEPhi           
00015a44  _ZN6CC112515sendAndReadDataEPhiS0_             
00015aae  _ZN10SerialPort5writeEh                        
00015b7e  __mspabi_fixdul                                
00015be6  uart_tx_isr                                    
00015c4e  __mspabi_fixdli                                
00015cb4  copy_in                                        
00015d1a  _Z12tc_rtos_initi                              
00015d7e  atoi                                           
00015de0  RADIO_start_rf_carrier                         
00015e3e  _ZN4Loka21set24MHzBoosterOnModeEv              
00015e9c  intConnect                                     
00015efa  SIGFOX_PN_next_pn                              
00015f56  console_debug                                  
00015fb2  cc112xSpiReadReg                               
0001600c  cc112xSpiWriteReg                              
00016066  RADIO_stop_rf_carrier                          
000160be  _ZN10SerialPort4readEv                         
00016116  __mspabi_divul                                 
00016116  __mspabi_remul                                 
0001616e  MANUF_API_rf_send                              
000161c4  SIGFOX_API_set_std_config                      
0001621a  __cxa_finalize                                 
00016270  SIGFOX_HMAC_compute_aes                        
000162c4  _ZN14SigfoxProtocol14sendDataLoggerEill        
00016318  _Z11printBufferv                               
0001636a  _ZN4Loka21set1MHzBoosterOffModeEv              
000163ba  flash_erase_segment                            
0001640a  __cxa_atexit                                   
000164a6  _ZN4Loka9getConfigEPKcPc                       
000164f2  exit                                           
0001653c  intSetEdge                                     
00016586  store_char                                     
000165d0  insert_int                                     
00016618  trx16BitRegAccess                              
00016660  _Z14convertAndSendv                            
000166a6  sprintf                                        
000166ea  flash_write_data                               
0001672c  minit                                          
0001676e  SIGFOX_API_close                               
000167ae  _ZN4Loka27bspMcuSetVCoreForBoosterOffEv        
000167ee  __mspabi_divli                                 
000167ee  __mspabi_remli                                 
0001682e  _ZN6CC11254initEi                              
0001686c  _ZN14SigfoxProtocol12turnOffRadioEv            
0001686c  _ZN6CC11257turnOffEv                           
000168aa  __mspabi_sral_15                               
000168ae  __mspabi_sral_14                               
000168b2  __mspabi_sral_13                               
000168b6  __mspabi_sral_12                               
000168ba  __mspabi_sral_11                               
000168be  __mspabi_sral_10                               
000168c2  __mspabi_sral_9                                
000168c6  __mspabi_sral_8                                
000168ca  __mspabi_sral_7                                
000168ce  __mspabi_sral_6                                
000168d2  __mspabi_sral_5                                
000168d6  __mspabi_sral_4                                
000168da  __mspabi_sral_3                                
000168de  __mspabi_sral_2                                
000168e2  __mspabi_sral_1                                
000168e8  __mspabi_slll_15                               
000168ec  __mspabi_slll_14                               
000168f0  __mspabi_slll_13                               
000168f4  __mspabi_slll_12                               
000168f8  __mspabi_slll_11                               
000168fc  __mspabi_slll_10                               
00016900  __mspabi_slll_9                                
00016904  __mspabi_slll_8                                
00016908  __mspabi_slll_7                                
0001690c  __mspabi_slll_6                                
00016910  __mspabi_slll_5                                
00016914  __mspabi_slll_4                                
00016918  __mspabi_slll_3                                
0001691c  __mspabi_slll_2                                
00016920  __mspabi_slll_1                                
00016926  __mspabi_srll_15                               
0001692a  __mspabi_srll_14                               
0001692e  __mspabi_srll_13                               
00016932  __mspabi_srll_12                               
00016936  __mspabi_srll_11                               
0001693a  __mspabi_srll_10                               
0001693e  __mspabi_srll_9                                
00016942  __mspabi_srll_8                                
00016946  __mspabi_srll_7                                
0001694a  __mspabi_srll_6                                
0001694e  __mspabi_srll_5                                
00016952  __mspabi_srll_4                                
00016956  __mspabi_srll_3                                
0001695a  __mspabi_srll_2                                
0001695e  __mspabi_srll_1                                
00016964  sleep                                          
000169a2  trxRfSpiInterfaceInit                          
000169e0  __mspabi_sllll                                 
00016a1a  __mspabi_srlll                                 
00016a54  trx8BitRegAccess                               
00016a8e  vsprintf                                       
00016ac8  read_int                                       
00016b00  SIGFOX_CRC_crc16                               
00016b36  SIGFOX_CRC_crc8                                
00016b6c  _ZN10SerialPort9availableEv                    
00016ba2  flash_seg_erase                                
00016bd6  trxRfSpiInterfaceDeinit                        
00016c0a  delay                                          
00016c0a  usleep                                         
00016c3e  __mspabi_subd                                  
00016c70  _ZN4Loka18bspMcuSetVCoreDownEh                 
00016ca0  _ZN4Loka14bspMcuStartXT1Ev                     
00016cce  __mspabi_negd                                  
00016cfc  copysign                                       
00016cfc  copysignl                                      
00016d2a  intClear                                       
00016d58  intDisable                                     
00016d86  _ZN10SerialPort5writeEPc                       
00016db2  intEnable                                      
00016ddc  parameter_reset                                
00016e06  MANUF_API_timer_start                          
00016e2e  TxProcess                                      
00016e56  _ZN4Loka26bspMcuSetVCoreForBoosterOnEv         
00016e7e  __mspabi_fixdi                                 
00016ea6  MANUF_API_malloc                               
00016ecc  trxSpiCmdStrobe                                
00016ef2  MANUF_API_free                                 
00016f3a  _ZN4Loka14bspMcuSetVCoreEh                     
00016f5e  __mspabi_mpyl_f5hw                             
00016f82  MANUF_API_get_nv_mem                           
00016fa2  _ZN7Console4initEi                             
00017020  _Z5setupv                                      
0001703e  _ZN10SerialPort4initEil                        
0001705c  memccpy                                        
0001707a  trxIsrConnect                                  
00017098  init_rtc                                       
000170b4  strchr                                         
000170d0  strcmp                                         
000170ec  RADIO_close_chip                               
00017106  TIMER_bitrate_init                             
00017120  __sti___8_main_cpp_ul                          
0001713a  flash_read_data                                
00017154  MANUF_API_rf_init                              
0001716c  _ZN10LokaAnalog4initEv                         
00017184  _ZN4Loka7StopSVSEv                             
0001719c  _ZN4Loka8StartSVSEv                            
000171b4  __sti___11_Console_cpp_1b5f5091                
000171cc  __mspabi_mpyi_f5hw                             
000171e4  MANUF_API_get_voltage_temperature              
000171fa  MANUF_API_set_nv_mem                           
00017210  MANUF_API_timer_wait_for_end                   
00017226  memset                                         
0001723c  __mspabi_divu                                  
0001723c  __mspabi_remu                                  
00017252  uart_rx_isr                                    
00017290  memcpy                                         
000172a4  start_timer                                    
000172b8  trxClearIntFlag                                
000172cc  trxDisableInt                                  
000172e0  trxEnableInt                                   
000172f4  SIGFOX_API_reset                               
00017306  _ZN7Console5writeEPc                           
00017306  console_write                                  
00017318  __mspabi_fixdu                                 
0001732a  __TI_decompress_none                           
0001733c  main                                           
0001734e  millis                                         
00017360  strcpy                                         
00017372  toupper                                        
00017384  cc112xSpiReadRxFifo                            
00017394  galois_mul2                                    
000173a4  __mspabi_sral                                  
000173b4  __mspabi_slll                                  
000173c4  __mspabi_srll                                  
000173d4  pause_timer                                    
000173e4  MANUF_API_get_rssi                             
000173f2  TIMER_bitrate_start                            
00017400  TxInit                                         
0001740e  strlen                                         
0001741c  TIMER_bitrate_stop                             
00017428  _ZN4Loka11eraseConfigEv                        
00017434  __mspabi_fltid                                 
00017440  _ZN10SerialPortC1Ev                            
00017440  _ZN10SerialPortC2Ev                            
0001744a  _ZN10SerialPortD0Ev                            
00017454  _ZN10__cxxabiv117__class_type_infoD0Ev         
0001745e  _ZN10__cxxabiv120__si_class_type_infoD0Ev      
00017468  _ZN14SigfoxProtocol4initE10SigfoxMode          
00017472  _ZN4Loka19getCurrentFrequencyEv                
0001747c  _ZdlPv                                         
00017486  abs                                            
00017490  getTime                                        
0001749a  __mspabi_slli                                  
000174a4  __mspabi_srli                                  
000174ae  setTime                                        
000174b8  MANUF_API_change_frequency                     
000174c0  MANUF_API_rf_stop                              
000174d0  _ZN4Loka13watchdogResetEv                      
000174d8  _ZN4Loka15disableWatchdogEv                    
000174e0  _ZN6CC11258sendDataEPhi                        
000174e6  __cxa_ia64_exit                                
000174ec  C$$EXIT                                        
000174ec  abort                                          
000174f2  __TI_decompress_rle24                          
000174f8  set_timer_base                                 
000174fe  MANUF_API_timer_start_carrier_sense            
00017502  MANUF_API_timer_stop                           
00017506  MANUF_API_timer_stop_carrier_sense             
0001750a  MANUF_API_wait_for_clear_channel               
0001750e  _system_pre_init                               
00017512  _ZN10SerialPortD1Ev                            
00017512  _ZN10SerialPortD2Ev                            
00017514  _ZN10__cxxabiv117__class_type_infoD1Ev         
00017514  _ZN10__cxxabiv117__class_type_infoD2Ev         
00017516  _ZN10__cxxabiv120__si_class_type_infoD1Ev      
00017516  _ZN10__cxxabiv120__si_class_type_infoD2Ev      
00017518  _nop                                           
0001751a  _system_post_cinit                             
00022200  sfx_ids                                        
00022400  flash_array                                    
ffffffff  __TI_pprof_out_hndl                            
ffffffff  __TI_prof_data_size                            
ffffffff  __TI_prof_data_start                           
ffffffff  __c_args__                                     
UNDEFED   __TI_BINIT_Base                                
UNDEFED   __TI_BINIT_Limit                               

[928 symbols]
